// Jest Snapshot v1, https://goo.gl/fbAQLP

exports[`Mainのテスト 初期描画 1`] = `
<DocumentFragment>
  <div
    class="title"
  >
    都道府県別 総人口
  </div>
  <div
    class="wrapper"
  >
    <div
      class="prefectures_area"
    >
      <div
        class="section_title"
      >
        都道府県選択
      </div>
      <div>
        <label>
          <input
            type="checkbox"
            value="1"
          />
          北海道
        </label>
      </div>
      <div>
        <label>
          <input
            type="checkbox"
            value="2"
          />
          青森県
        </label>
      </div>
      <div>
        <label>
          <input
            type="checkbox"
            value="3"
          />
          岩手県
        </label>
      </div>
    </div>
    <div
      class="graph_area"
    >
      <div
        data-highcharts-chart="0"
        style="height: 100%; overflow: hidden;"
      >
        <div
          class="highcharts-container "
          dir="ltr"
          id="highcharts-mfmp91h-0"
          style="position: relative; overflow: hidden; width: 600px; height: 400px; text-align: left; line-height: normal; z-index: 0; user-select: none; outline: none;"
        >
          <svg
            aria-label="都道府県別 総人口数"
            class="highcharts-root"
            height="400"
            role="img"
            style="font-family: \\"Lucida Grande\\", \\"Lucida Sans Unicode\\", Arial, Helvetica, sans-serif; font-size: 12px;"
            version="1.1"
            viewBox="0 0 600 400"
            width="600"
            xmlns="http://www.w3.org/2000/svg"
          >
            <desc>
              Created with Highcharts 10.3.3
            </desc>
            <defs>
              <clippath
                id="highcharts-mfmp91h-1-"
              >
                <rect
                  fill="none"
                  height="250"
                  width="580"
                  x="0"
                  y="0"
                />
              </clippath>
            </defs>
            <rect
              class="highcharts-background"
              fill="#ffffff"
              height="400"
              rx="0"
              ry="0"
              width="600"
              x="0"
              y="0"
            />
            <rect
              class="highcharts-plot-background"
              fill="none"
              height="250"
              width="580"
              x="10"
              y="50"
            />
            <rect
              class="highcharts-plot-border"
              data-z-index="1"
              fill="none"
              height="250"
              stroke="#cccccc"
              stroke-width="0"
              width="580"
              x="10"
              y="50"
            />
            <g
              class="highcharts-series-group"
              data-z-index="3"
            />
            <text
              class="highcharts-title"
              data-z-index="4"
              style="color: rgb(51, 51, 51); font-size: 18px; fill: #333333;"
              text-anchor="middle"
              x="300"
              y="64"
            >
              都道府県別 総人口数
            </text>
            <text
              class="highcharts-subtitle"
              data-z-index="4"
              style="color: rgb(102, 102, 102); fill: #666666;"
              text-anchor="middle"
              x="300"
              y="50"
            />
            <text
              class="highcharts-caption"
              data-z-index="4"
              style="color: rgb(102, 102, 102); fill: #666666;"
              text-anchor="start"
              x="10"
              y="312"
            />
            <g
              class="highcharts-legend highcharts-no-tooltip"
              data-z-index="7"
              visibility="hidden"
            >
              <rect
                class="highcharts-legend-box"
                fill="none"
                height="8"
                rx="0"
                ry="0"
                stroke="#999999"
                stroke-width="0"
                width="8"
                x="0"
                y="0"
              />
              <g
                data-z-index="1"
              >
                <g />
              </g>
            </g>
            <text
              class="highcharts-credits"
              data-z-index="8"
              style="cursor: pointer; color: rgb(153, 153, 153); font-size: 9px; fill: #999999;"
              text-anchor="end"
              x="590"
              y="395"
            >
              Highcharts.com
            </text>
          </svg>
        </div>
      </div>
    </div>
  </div>
</DocumentFragment>
`;
